../Core/Src/main.c:93:6:usDelay	16	static
../Core/Src/main.c:105:6:HAL_TIM_IC_CaptureCallback	16	static
../Core/Src/main.c:127:7:measureDistance	16	static
../Core/Src/main.c:167:6:sendChar	24	static
../Core/Src/main.c:175:6:sendString	16	static
../Core/Src/main.c:182:6:readChar	24	static
../Core/Src/main.c:195:6:recebe_da_node_mcu	24	static
../Core/Src/main.c:230:5:main	64	static
../Core/Src/main.c:334:6:SystemClock_Config	96	static
../Core/Src/main.c:384:13:MX_TIM2_Init	56	static
../Core/Src/main.c:442:13:MX_TIM4_Init	40	static
../Core/Src/main.c:487:13:MX_USART2_UART_Init	8	static
../Core/Src/main.c:522:13:MX_USART3_UART_Init	8	static
../Core/Src/main.c:557:13:MX_GPIO_Init	48	static
../Core/Src/main.c:614:6:ledB	8	static
../Core/Src/main.c:619:6:ledP	8	static
../Core/Src/main.c:624:6:buzzR	8	static
../Core/Src/main.c:644:6:moveFr	8	static
../Core/Src/main.c:652:6:moveLe	8	static
../Core/Src/main.c:673:6:moveRi	8	static
../Core/Src/main.c:692:6:moveBa	8	static
../Core/Src/main.c:710:6:moveStop	8	static
../Core/Src/main.c:729:6:cli	40	static
../Core/Src/main.c:826:6:StartDefaultTask	16	static
../Core/Src/main.c:841:6:Error_Handler	4	static,ignoring_inline_asm
